<Styles>
  <Style Selector="Border > TextBlock">
    <Setter Property="Background" Value="Red" />
  </Style>
</Styles>
